// Jest Snapshot v1, https://goo.gl/fbAQLP

exports[`it allows us to perform API calls to exchanges following 0x Standard Relayer API http getCandles returns data which provides a way to access charting candle info 1`] = `
Array [
  Array [
    1571591700000,
    8119,
    8130.01863254,
    8141.9,
    8118.9348735,
    276.98868624,
  ],
  Array [
    1571590800000,
    8109.9,
    8118.9,
    8119,
    8092,
    135.48299692,
  ],
  Array [
    1571589900000,
    8087.9,
    8110,
    8110,
    8083.9,
    25.30339863,
  ],
  Array [
    1571589000000,
    8089,
    8087.9,
    8119,
    8083,
    146.70191407000002,
  ],
  Array [
    1571588100000,
    8069,
    8088.9,
    8089,
    8068.9,
    41.77926579,
  ],
  Array [
    1571587200000,
    8064.92667787,
    8068.94607816,
    8068.94607816,
    8059,
    53.74937478,
  ],
  Array [
    1571586300000,
    8054,
    8064.9,
    8065.1,
    8054,
    60.47223236,
  ],
  Array [
    1571585400000,
    8042.8,
    8054,
    8054,
    8042.8,
    21.579398049999998,
  ],
  Array [
    1571584500000,
    8030.0107899,
    8040.8,
    8042.8,
    8025.73752506,
    8.81040117,
  ],
  Array [
    1571583600000,
    8046.7,
    8030,
    8052.8875251,
    8030,
    51.85379644,
  ],
  Array [
    1571582700000,
    8006.4883404,
    8046.72772657,
    8046.8,
    8006.4883404,
    45.50337748,
  ],
  Array [
    1571581800000,
    8002.6,
    8006.1,
    8006.1,
    8000,
    16.76562625,
  ],
  Array [
    1571580900000,
    8026.51907512,
    8002.4295648,
    8038,
    7993.9,
    84.71246611,
  ],
  Array [
    1571580000000,
    7997.7,
    8025.5,
    8031,
    7997.7,
    42.95818238,
  ],
  Array [
    1571579100000,
    7999.02351932,
    7998.5,
    8003,
    7997.6,
    9.00104514,
  ],
  Array [
    1571578200000,
    7997.7,
    7999.28321945,
    8002.7,
    7995.1,
    5.73370723,
  ],
  Array [
    1571577300000,
    8004.6434424,
    7998.2,
    8010,
    7997.5,
    11.734875220000001,
  ],
  Array [
    1571576400000,
    7993.35902274,
    8003.4,
    8008.1,
    7993.35902274,
    7.34924878,
  ],
  Array [
    1571575500000,
    7996.2,
    7992.7,
    7999.5,
    7992.6,
    4.40443041,
  ],
  Array [
    1571574600000,
    7994.3,
    7996.5,
    8030,
    7992.8,
    92.07451247,
  ],
  Array [
    1571573700000,
    7999.9,
    7990.8,
    8001.28617331,
    7986.2,
    9.76294509,
  ],
  Array [
    1571572800000,
    7976.7,
    8003.07257344,
    8010,
    7976.7,
    27.00556369,
  ],
  Array [
    1571571900000,
    7976.38822153,
    7975.9,
    7979.6,
    7975.1,
    3.67462251,
  ],
  Array [
    1571571000000,
    7980.6,
    7976.4,
    7983,
    7975.9,
    2.51534233,
  ],
  Array [
    1571570100000,
    7974.9,
    7979.4,
    7979.4,
    7974.1,
    1.98432702,
  ],
  Array [
    1571569200000,
    7971.5,
    7974.9,
    7974.9,
    7970.3,
    13.05992777,
  ],
  Array [
    1571568300000,
    7970,
    7970.4,
    7971.9,
    7959.5,
    11.88244895,
  ],
  Array [
    1571567400000,
    7980.1,
    7970,
    7980.6,
    7970,
    15.65972194,
  ],
  Array [
    1571566500000,
    7984.9,
    7980,
    7985,
    7980,
    19.0638722,
  ],
  Array [
    1571565600000,
    7986.4,
    7985,
    7992.9,
    7985,
    16.61199322,
  ],
  Array [
    1571564700000,
    7985.2,
    7985,
    7988.2,
    7979.96102178,
    18.08921153,
  ],
  Array [
    1571563800000,
    7993.8,
    7985.6,
    7999.6,
    7985.1,
    29.86578052,
  ],
  Array [
    1571562900000,
    7963.9,
    7993.69397277,
    8020,
    7963.9,
    138.18143578,
  ],
  Array [
    1571562000000,
    7961.9,
    7963.9,
    7963.9,
    7961.8,
    5.56064138,
  ],
  Array [
    1571561100000,
    7945.9,
    7961.8,
    7961.9,
    7924.8,
    20.04699964,
  ],
  Array [
    1571560200000,
    7955.5,
    7945.9,
    7955.5,
    7943.3,
    17.445056740000002,
  ],
  Array [
    1571559300000,
    7954.6467066,
    7955.5,
    7955.5,
    7954.1,
    4.19163196,
  ],
  Array [
    1571558400000,
    7950.4,
    7954.7,
    7957.9,
    7950.03881964,
    9.5350958,
  ],
  Array [
    1571557500000,
    7960.4,
    7950.4,
    7960.4,
    7943.8,
    13.07774049,
  ],
  Array [
    1571556600000,
    7968.1,
    7960.42227038,
    7968.4,
    7960.2736455,
    2.48501442,
  ],
  Array [
    1571555700000,
    7966.67467083,
    7968.1,
    7968.1,
    7966,
    1.4255076,
  ],
  Array [
    1571554800000,
    7979.06782172,
    7967.9,
    7979.1,
    7964,
    26.24559863,
  ],
  Array [
    1571553900000,
    7970,
    7979.06782172,
    7985.4,
    7969.95936,
    4.3168188,
  ],
  Array [
    1571553000000,
    7960.3,
    7969.95936,
    7970,
    7960,
    1.9025266,
  ],
  Array [
    1571552100000,
    7960.2736455,
    7960.3,
    7960.3,
    7960,
    0.7767778200000001,
  ],
  Array [
    1571551200000,
    7960,
    7960.3,
    7960.3,
    7957.3,
    3.04596087,
  ],
  Array [
    1571550300000,
    7966.9,
    7960,
    7966.9152783,
    7960,
    2.44071709,
  ],
  Array [
    1571549400000,
    7968.3,
    7966.9152783,
    7968.3,
    7966.9,
    2.7917305,
  ],
  Array [
    1571548500000,
    7964.2,
    7968.3,
    7968.3,
    7964.2,
    1.97281104,
  ],
  Array [
    1571547600000,
    7962.2,
    7964.10672065,
    7964.5,
    7962.2,
    1.4391093400000001,
  ],
  Array [
    1571546700000,
    7969.91252106,
    7962.2,
    7969.91252106,
    7962.2,
    2.13248699,
  ],
  Array [
    1571545800000,
    7967.2842579,
    7970.0516049,
    7970.0516049,
    7967.1,
    0.7460519800000001,
  ],
  Array [
    1571544900000,
    7950.03881964,
    7967.4,
    7973,
    7950.03881964,
    8.83473844,
  ],
  Array [
    1571544000000,
    7954.7,
    7950.1,
    7954.72815456,
    7950,
    4.65418055,
  ],
  Array [
    1571543100000,
    7955,
    7954.7,
    7955.1,
    7954.7,
    3.00598156,
  ],
  Array [
    1571542200000,
    7950.9,
    7955.0156862,
    7955.0156862,
    7950.3,
    2.3889709,
  ],
  Array [
    1571541300000,
    7943,
    7950.7,
    7950.8,
    7942.9,
    7.85990901,
  ],
  Array [
    1571540400000,
    7942.1,
    7943.00486914,
    7946.1601758,
    7941.363441,
    12.2110751,
  ],
  Array [
    1571539500000,
    7942.9,
    7941.9,
    7950.8,
    7921.6,
    66.79814782,
  ],
  Array [
    1571538600000,
    7962.0262986,
    7944,
    7970.8,
    7936,
    117.39057579,
  ],
  Array [
    1571537700000,
    7960,
    7962,
    7968.0222171,
    7949.5,
    12.62092243,
  ],
  Array [
    1571536800000,
    7945.3,
    7960,
    7961.9,
    7945.2,
    14.3063346,
  ],
  Array [
    1571535900000,
    7953,
    7945.2377268,
    7963.1,
    7935.5,
    34.5802817,
  ],
  Array [
    1571535000000,
    7952.71841983,
    7953.0785433,
    7953.4,
    7952.71841983,
    1.19534424,
  ],
  Array [
    1571534100000,
    7965,
    7953.2,
    7969.3,
    7952.71841983,
    40.60039089,
  ],
  Array [
    1571533200000,
    7948,
    7965.1,
    7975.1,
    7948,
    41.45034449,
  ],
  Array [
    1571532300000,
    7953,
    7951.9,
    7954.6,
    7940.8,
    42.80104687,
  ],
  Array [
    1571531400000,
    7980.07267179,
    7953.3,
    7980.1,
    7945.2,
    45.56218739,
  ],
  Array [
    1571530500000,
    7979.7,
    7980.07267179,
    7980.1,
    7979.51442175,
    3.82469057,
  ],
  Array [
    1571529600000,
    7993,
    7979.7373194,
    7996.3,
    7978.2,
    28.93057913,
  ],
  Array [
    1571528700000,
    7975,
    7992.9,
    7993,
    7974.9,
    35.39911404,
  ],
  Array [
    1571527800000,
    7978.76690965,
    7975,
    7979.1,
    7972.9,
    12.81819003,
  ],
  Array [
    1571526900000,
    7978.8,
    7978.7328717,
    7978.8148704,
    7978.7,
    0.45666631,
  ],
  Array [
    1571526000000,
    7979.9,
    7979.1,
    7979.96102178,
    7973,
    3.6002052399999998,
  ],
  Array [
    1571525100000,
    7980.29597181,
    7979.9,
    7980.40762182,
    7979.9,
    4.21281701,
  ],
  Array [
    1571524200000,
    7974.4,
    7980.8,
    7982.75227198,
    7973.5,
    4.61004208,
  ],
  Array [
    1571523300000,
    7990.2,
    7976.7,
    7990.23285726,
    7967.9,
    11.10073696,
  ],
  Array [
    1571522400000,
    7999.8467076,
    7990.2,
    7999.9,
    7990.2,
    3.87982136,
  ],
  Array [
    1571521500000,
    7990.6,
    7999.8467076,
    8004.8,
    7990.56777254,
    7.25008918,
  ],
  Array [
    1571520600000,
    7980.1,
    7990.6,
    7990.6,
    7979,
    4.07847463,
  ],
  Array [
    1571519700000,
    7974.04357136,
    7981.9,
    7993.4,
    7948.8,
    175.69617029,
  ],
  Array [
    1571518800000,
    7981.7,
    7974.1,
    7982.86392199,
    7974,
    2.71098473,
  ],
  Array [
    1571517900000,
    7980.6,
    7981.7,
    7981.7,
    7967.4,
    23.71697839,
  ],
  Array [
    1571517000000,
    7973.0956866,
    7980.5,
    7982.8,
    7972.5,
    10.23775004,
  ],
  Array [
    1571516100000,
    7976,
    7973,
    7982.9,
    7973,
    63.63007235,
  ],
  Array [
    1571515200000,
    8009.7,
    7977.05812158,
    8009.7,
    7960.3,
    40.15405525,
  ],
  Array [
    1571514300000,
    8009.7,
    8009.7169119,
    8013.5,
    8009.3,
    6.80183787,
  ],
  Array [
    1571513400000,
    8003.29587346,
    8008.5,
    8009.9,
    7996.1,
    16.30311542,
  ],
  Array [
    1571512500000,
    8000.4,
    8003.2,
    8007.1,
    7996.5,
    37.6508512,
  ],
  Array [
    1571511600000,
    8013.45602418,
    8000.9,
    8013.5,
    8000.3,
    6.73464566,
  ],
  Array [
    1571510700000,
    8019.9,
    8013.5,
    8019.9,
    8013.2,
    1.97211601,
  ],
  Array [
    1571509800000,
    8030,
    8019.8,
    8030.09187538,
    8019.6,
    6.5116236,
  ],
  Array [
    1571508900000,
    8032.2,
    8030,
    8032.21322553,
    8030,
    1.23362805,
  ],
  Array [
    1571508000000,
    8029.3,
    8032.21322553,
    8033.6,
    8029.3,
    5.79113562,
  ],
  Array [
    1571507100000,
    8020.8,
    8029.3,
    8029.3,
    8020.7862999,
    5.81826578,
  ],
  Array [
    1571506200000,
    8012.8,
    8020.7,
    8020.7,
    8012.7,
    14.7338869,
  ],
  Array [
    1571505300000,
    8011.44635887,
    8012.45117411,
    8020,
    7977.8,
    127.78150397,
  ],
  Array [
    1571504400000,
    8013,
    8011.5,
    8016.7,
    8011.5,
    23.84153514,
  ],
  Array [
    1571503500000,
    8011.5,
    8012.9,
    8013,
    8011.4,
    9.08081643,
  ],
  Array [
    1571502600000,
    8027.1,
    8011.5,
    8027.18897517,
    7997.9,
    85.50295589,
  ],
  Array [
    1571501700000,
    8016,
    8027.1,
    8031.1,
    8000.7,
    14.00079784,
  ],
  Array [
    1571500800000,
    8033.32972561,
    8015.1,
    8038.4,
    7998.6,
    50.050508380000004,
  ],
  Array [
    1571499900000,
    8045.1,
    8033.3,
    8045.8,
    8033.3,
    16.09840269,
  ],
  Array [
    1571499000000,
    8064.3,
    8042.7,
    8069,
    8041,
    35.60984597,
  ],
  Array [
    1571498100000,
    8056.5,
    8064.2,
    8064.3,
    8054.7,
    43.59319892,
  ],
  Array [
    1571497200000,
    8054.6,
    8056.5,
    8057.3,
    8054.6,
    15.58392566,
  ],
  Array [
    1571496300000,
    8054.9,
    8054.6,
    8055,
    8050.6,
    7.28591038,
  ],
  Array [
    1571495400000,
    8053.5,
    8054.4,
    8057.3,
    8051.3,
    8.26392127,
  ],
  Array [
    1571494500000,
    8066.4,
    8053.2,
    8066.8,
    8050,
    24.55507392,
  ],
  Array [
    1571493600000,
    8061.5,
    8067.3699744,
    8071.5,
    8059.90242751,
    19.956385700000002,
  ],
  Array [
    1571492700000,
    8058.8,
    8061.6,
    8068.1645281,
    8056.5,
    11.06737676,
  ],
  Array [
    1571491800000,
    8067.7,
    8058.8,
    8082.1,
    8058.8,
    25.14642147,
  ],
  Array [
    1571490900000,
    8075.2,
    8067.6467091,
    8083.6,
    8066.4,
    31.771519350000002,
  ],
  Array [
    1571490000000,
    8090.9,
    8074.1,
    8119.5,
    8058.2,
    121.5958868,
  ],
  Array [
    1571489100000,
    7961.6,
    8092.2,
    8119.5,
    7961.6,
    834.55218532,
  ],
  Array [
    1571488200000,
    7963.7,
    7961.6,
    7963.7,
    7955.7,
    6.9263632600000005,
  ],
  Array [
    1571487300000,
    7943.2,
    7963.7,
    7963.7,
    7927,
    77.81691485,
  ],
  Array [
    1571486400000,
    7989.6,
    7943.2,
    7993,
    7943,
    39.5009943,
  ],
  Array [
    1571485500000,
    7990.45612254,
    7989.5,
    7991.3,
    7989.5,
    1.68739107,
  ],
  Array [
    1571484600000,
    7978.95617171,
    7990.5,
    7991.3493226,
    7978.17462166,
    2.43972935,
  ],
]
`;

exports[`it allows us to perform API calls to exchanges following 0x Standard Relayer API http getOrders returns orders provided on a price aggregated basis 1`] = `
Object {
  "aggregated": true,
  "asks": Array [
    Object {
      "orderAmount": "0.05500",
      "orderPrice": "8142.8000000",
      "ordersCount": 1,
    },
    Object {
      "orderAmount": "0.05000",
      "orderPrice": "8142.7000000",
      "ordersCount": 1,
    },
    Object {
      "orderAmount": "0.02040",
      "orderPrice": "8142.5000000",
      "ordersCount": 3,
    },
    Object {
      "orderAmount": "0.00130",
      "orderPrice": "8142.4000000",
      "ordersCount": 1,
    },
    Object {
      "orderAmount": "1.85380",
      "orderPrice": "8142.3000000",
      "ordersCount": 1,
    },
    Object {
      "orderAmount": "0.98395",
      "orderPrice": "8142.2000000",
      "ordersCount": 1,
    },
    Object {
      "orderAmount": "5.23503",
      "orderPrice": "8141.9000000",
      "ordersCount": 3,
    },
    Object {
      "orderAmount": "0.01773",
      "orderPrice": "8141.7000000",
      "ordersCount": 1,
    },
    Object {
      "orderAmount": "0.89044",
      "orderPrice": "8140.7000000",
      "ordersCount": 1,
    },
    Object {
      "orderAmount": "1.10000",
      "orderPrice": "8140.6000000",
      "ordersCount": 1,
    },
    Object {
      "orderAmount": "1.20000",
      "orderPrice": "8140.5000000",
      "ordersCount": 2,
    },
    Object {
      "orderAmount": "0.15000",
      "orderPrice": "8140.3000000",
      "ordersCount": 1,
    },
    Object {
      "orderAmount": "0.65993",
      "orderPrice": "8140.2000000",
      "ordersCount": 2,
    },
    Object {
      "orderAmount": "1.47601",
      "orderPrice": "8138.7000000",
      "ordersCount": 1,
    },
    Object {
      "orderAmount": "0.56480",
      "orderPrice": "8138.4000000",
      "ordersCount": 1,
    },
    Object {
      "orderAmount": "0.88663",
      "orderPrice": "8138.3000000",
      "ordersCount": 2,
    },
    Object {
      "orderAmount": "0.10000",
      "orderPrice": "8137.8000000",
      "ordersCount": 1,
    },
    Object {
      "orderAmount": "2.35340",
      "orderPrice": "8137.5000000",
      "ordersCount": 1,
    },
    Object {
      "orderAmount": "0.53609",
      "orderPrice": "8136.7000000",
      "ordersCount": 1,
    },
    Object {
      "orderAmount": "0.06134",
      "orderPrice": "8134.7000000",
      "ordersCount": 1,
    },
    Object {
      "orderAmount": "0.14336",
      "orderPrice": "8134.6000000",
      "ordersCount": 1,
    },
    Object {
      "orderAmount": "0.50000",
      "orderPrice": "8133.9000000",
      "ordersCount": 1,
    },
    Object {
      "orderAmount": "0.10000",
      "orderPrice": "8133.7000000",
      "ordersCount": 1,
    },
    Object {
      "orderAmount": "2.47500",
      "orderPrice": "8132.6000000",
      "ordersCount": 2,
    },
    Object {
      "orderAmount": "2.00000",
      "orderPrice": "8130.1000000",
      "ordersCount": 2,
    },
  ],
  "bids": Array [
    Object {
      "orderAmount": "6.91535",
      "orderPrice": "8130.0000000",
      "ordersCount": 5,
    },
    Object {
      "orderAmount": "0.00700",
      "orderPrice": "8128.0000000",
      "ordersCount": 1,
    },
    Object {
      "orderAmount": "1.29522",
      "orderPrice": "8123.8000000",
      "ordersCount": 3,
    },
    Object {
      "orderAmount": "3.11202",
      "orderPrice": "8123.7000000",
      "ordersCount": 2,
    },
    Object {
      "orderAmount": "0.20000",
      "orderPrice": "8122.3000000",
      "ordersCount": 1,
    },
    Object {
      "orderAmount": "0.00145",
      "orderPrice": "8122.2000000",
      "ordersCount": 1,
    },
    Object {
      "orderAmount": "0.00225",
      "orderPrice": "8121.9000000",
      "ordersCount": 2,
    },
    Object {
      "orderAmount": "0.02459",
      "orderPrice": "8121.8000000",
      "ordersCount": 1,
    },
    Object {
      "orderAmount": "0.30000",
      "orderPrice": "8121.7000000",
      "ordersCount": 1,
    },
    Object {
      "orderAmount": "37.28200",
      "orderPrice": "8120.0000000",
      "ordersCount": 1,
    },
    Object {
      "orderAmount": "1.20436",
      "orderPrice": "8119.4000000",
      "ordersCount": 1,
    },
    Object {
      "orderAmount": "0.00400",
      "orderPrice": "8119.2000000",
      "ordersCount": 1,
    },
    Object {
      "orderAmount": "2.59540",
      "orderPrice": "8118.4000000",
      "ordersCount": 1,
    },
    Object {
      "orderAmount": "1.47601",
      "orderPrice": "8118.3000000",
      "ordersCount": 1,
    },
    Object {
      "orderAmount": "0.25000",
      "orderPrice": "8118.0000000",
      "ordersCount": 1,
    },
    Object {
      "orderAmount": "0.15990",
      "orderPrice": "8117.9000000",
      "ordersCount": 3,
    },
    Object {
      "orderAmount": "0.03550",
      "orderPrice": "8117.7000000",
      "ordersCount": 1,
    },
    Object {
      "orderAmount": "3.00000",
      "orderPrice": "8117.4000000",
      "ordersCount": 1,
    },
    Object {
      "orderAmount": "0.82700",
      "orderPrice": "8116.7000000",
      "ordersCount": 1,
    },
    Object {
      "orderAmount": "0.02636",
      "orderPrice": "8116.6000000",
      "ordersCount": 1,
    },
    Object {
      "orderAmount": "0.49437",
      "orderPrice": "8115.7000000",
      "ordersCount": 1,
    },
    Object {
      "orderAmount": "0.14230",
      "orderPrice": "8115.6000000",
      "ordersCount": 1,
    },
    Object {
      "orderAmount": "0.04880",
      "orderPrice": "8115.2000000",
      "ordersCount": 1,
    },
    Object {
      "orderAmount": "0.52270",
      "orderPrice": "8114.9000000",
      "ordersCount": 1,
    },
    Object {
      "orderAmount": "5.00000",
      "orderPrice": "8113.7000000",
      "ordersCount": 1,
    },
  ],
  "spread": "0.100000",
}
`;

exports[`it allows us to perform API calls to exchanges following 0x Standard Relayer API http getTickers returns data representing a high level overview of the state of the market. 1`] = `
Array [
  Object {
    "priceEth": "8130.01863254",
    "priceUsd": "",
    "symbol": "BTC",
  },
  Object {
    "priceEth": "1",
    "priceUsd": "",
    "symbol": "WETH",
  },
  Object {
    "priceEth": "1",
    "priceUsd": "",
    "symbol": "ETH",
  },
]
`;
